<html>
<body>
<pre>
<h1>礦ision Build Log</h1>
<h2>Tool Versions:</h2>
IDE-Version: μVision V5.14.0.0
Copyright (C) 2015 ARM Ltd and ARM Germany GmbH. All rights reserved.
License Information: 0 Microsoft, Microsoft, LIC=X1EY8-3CYFV-SFGI0-BCXAZ-HRE7A-ZYXDT
 
Tool Versions:
Toolchain:       MDK-ARM Professional  Version: 5.14.0.0
Toolchain Path:  C:\Keil_v5\ARM\ARMCC\Bin
C Compiler:      Armcc.exe V5.05 update 1 (build 106)
Assembler:       Armasm.exe V5.05 update 1 (build 106)
Linker/Locator:  ArmLink.exe V5.05 update 1 (build 106)
Library Manager: ArmAr.exe V5.05 update 1 (build 106)
Hex Converter:   FromElf.exe V5.05 update 1 (build 106)
CPU DLL:         SARMCM3.DLL V5.14.0.0
Dialog DLL:      DARMCM1.DLL V1.12.0.0
Target DLL:      STLink\ST-LINKIII-KEIL_SWO.dll V2.0.14.0_KEIL
Dialog DLL:      TARMCM1.DLL V1.9.0.0
 
<h2>Project:</h2>
C:\Users\EVK\Desktop\1.3寸技术资料\03中景园电子1.3寸OLED显示屏测试程序\16中景园电子STM32F030-0.96寸OLED-SPI通信程序\User\STM32F030Demo.uvprojx
Project File Date:  03/29/2018

<h2>Output:</h2>
Rebuild target 'Stm32f030demo'
compiling main.c...
compiling stm32f0xx_it.c...
compiling system_stm32f0xx.c...
assembling startup_stm32f0xx.s...
compiling led.c...
..\HARDWARE\led.c(222): warning:  #1-D: last line of file ends without a newline
  } 
..\HARDWARE\led.c: 1 warning, 0 errors
compiling delay.c...
compiling stm32f0xx_gpio.c...
compiling stm32f0xx_rcc.c...
compiling stm32f0xx_misc.c...
compiling stm32f0xx_usart.c...
linking...
Program Size: Code=5164 RO-data=2296 RW-data=1512 ZI-data=1632  
"..\OBJ\STM32F030Demo.axf" - 0 Error(s), 1 Warning(s).

<h2>Collection of Component include folders:</h2>
  C:\Users\EVK\Desktop\1.3寸技术资料\03中景园电子1.3寸OLED显示屏测试程序\16中景园电子STM32F030-0.96寸OLED-SPI通信程序\User\RTE
  C:\Keil_v5\ARM\PACK\Keil\STM32F0xx_DFP\2.0.0

<h2>Collection of Component Files used:</h2>
</pre>
</body>
</html>
